// Jest Snapshot v1, https://goo.gl/fbAQLP

exports[`Pruebasa en <FirstApp /> debe de hacer match en el snapshot 1`] = `
<div>
  <h1>
    Hola, Soy Goku
  </h1>
  <p />
  <p />
</div>
`;
